#-----------------------------------------------------------
# Vivado v2023.1 (64-bit)
# SW Build 3865809 on Sun May  7 15:05:29 MDT 2023
# IP Build 3864474 on Sun May  7 20:36:21 MDT 2023
# SharedData Build 3865790 on Sun May 07 13:33:03 MDT 2023
# Start of session at: Sun May  3 18:13:22 2026
# Process ID: 3268
# Current directory: C:/ECE520_SOC/ECE520_SandBox/Ultrasonic_Proximity_Alarm_soc_re/Ultrasonic_Proximity_Alarm_soc_re.runs/Proximity_Alarm_bd_piezo_buzzer_0_0_synth_1
# Command line: vivado.exe -log Proximity_Alarm_bd_piezo_buzzer_0_0.vds -product Vivado -mode batch -messageDb vivado.pb -notrace -source Proximity_Alarm_bd_piezo_buzzer_0_0.tcl
# Log file: C:/ECE520_SOC/ECE520_SandBox/Ultrasonic_Proximity_Alarm_soc_re/Ultrasonic_Proximity_Alarm_soc_re.runs/Proximity_Alarm_bd_piezo_buzzer_0_0_synth_1/Proximity_Alarm_bd_piezo_buzzer_0_0.vds
# Journal file: C:/ECE520_SOC/ECE520_SandBox/Ultrasonic_Proximity_Alarm_soc_re/Ultrasonic_Proximity_Alarm_soc_re.runs/Proximity_Alarm_bd_piezo_buzzer_0_0_synth_1\vivado.jou
# Running On: Daddy_RodrigoLT, OS: Windows, CPU Frequency: 2611 MHz, CPU Physical cores: 10, Host memory: 16701 MB
#-----------------------------------------------------------
source Proximity_Alarm_bd_piezo_buzzer_0_0.tcl -notrace
