Copyright 1986-2022 Xilinx, Inc. All Rights Reserved. Copyright 2022-2023 Advanced Micro Devices, Inc. All Rights Reserved.
---------------------------------------------------------------------------------------------------------------------------------------------
| Tool Version : Vivado v.2023.1 (win64) Build 3865809 Sun May  7 15:05:29 MDT 2023
| Date         : Mon May  4 14:18:16 2026
| Host         : Daddy_RodrigoLT running 64-bit major release  (build 9200)
| Command      : upgrade_ip
| Device       : xc7z010clg400-1
---------------------------------------------------------------------------------------------------------------------------------------------

Upgrade Log for IP 'Proximity_Alarm_bd_UART_MAXSONAR_0_0'

1. Summary
----------

SUCCESS in the upgrade of Proximity_Alarm_bd_UART_MAXSONAR_0_0 (xilinx.com:user:UART_MAXSONAR:1.0) from (Rev. 12) to (Rev. 13)






Copyright 1986-2022 Xilinx, Inc. All Rights Reserved. Copyright 2022-2023 Advanced Micro Devices, Inc. All Rights Reserved.
---------------------------------------------------------------------------------------------------------------------------------------------
| Tool Version : Vivado v.2023.1 (win64) Build 3865809 Sun May  7 15:05:29 MDT 2023
| Date         : Mon May  4 10:44:28 2026
| Host         : Daddy_RodrigoLT running 64-bit major release  (build 9200)
| Command      : upgrade_ip
| Device       : xc7z010clg400-1
---------------------------------------------------------------------------------------------------------------------------------------------

Upgrade Log for IP 'Proximity_Alarm_bd_UART_MAXSONAR_0_0'

1. Summary
----------

SUCCESS in the upgrade of Proximity_Alarm_bd_UART_MAXSONAR_0_0 (xilinx.com:user:UART_MAXSONAR:1.0) from (Rev. 11) to (Rev. 12)






Copyright 1986-2022 Xilinx, Inc. All Rights Reserved. Copyright 2022-2023 Advanced Micro Devices, Inc. All Rights Reserved.
---------------------------------------------------------------------------------------------------------------------------------------------
| Tool Version : Vivado v.2023.1 (win64) Build 3865809 Sun May  7 15:05:29 MDT 2023
| Date         : Mon May  4 10:07:21 2026
| Host         : Daddy_RodrigoLT running 64-bit major release  (build 9200)
| Command      : upgrade_ip
| Device       : xc7z010clg400-1
---------------------------------------------------------------------------------------------------------------------------------------------

Upgrade Log for IP 'Proximity_Alarm_bd_UART_MAXSONAR_0_0'

1. Summary
----------

SUCCESS in the upgrade of Proximity_Alarm_bd_UART_MAXSONAR_0_0 (xilinx.com:user:UART_MAXSONAR:1.0) from (Rev. 10) to (Rev. 11)






Copyright 1986-2022 Xilinx, Inc. All Rights Reserved. Copyright 2022-2023 Advanced Micro Devices, Inc. All Rights Reserved.
---------------------------------------------------------------------------------------------------------------------------------------------
| Tool Version : Vivado v.2023.1 (win64) Build 3865809 Sun May  7 15:05:29 MDT 2023
| Date         : Sun May  3 22:14:02 2026
| Host         : Daddy_RodrigoLT running 64-bit major release  (build 9200)
| Command      : upgrade_ip
| Device       : xc7z010clg400-1
---------------------------------------------------------------------------------------------------------------------------------------------

Upgrade Log for IP 'Proximity_Alarm_bd_UART_MAXSONAR_0_0'

1. Summary
----------

SUCCESS in the upgrade of Proximity_Alarm_bd_UART_MAXSONAR_0_0 (xilinx.com:user:UART_MAXSONAR:1.0) from (Rev. 9) to (Rev. 10)






Copyright 1986-2022 Xilinx, Inc. All Rights Reserved. Copyright 2022-2023 Advanced Micro Devices, Inc. All Rights Reserved.
---------------------------------------------------------------------------------------------------------------------------------------------
| Tool Version : Vivado v.2023.1 (win64) Build 3865809 Sun May  7 15:05:29 MDT 2023
| Date         : Sun May  3 21:34:48 2026
| Host         : Daddy_RodrigoLT running 64-bit major release  (build 9200)
| Command      : upgrade_ip
| Device       : xc7z010clg400-1
---------------------------------------------------------------------------------------------------------------------------------------------

Upgrade Log for IP 'Proximity_Alarm_bd_UART_MAXSONAR_0_0'

1. Summary
----------

SUCCESS in the upgrade of Proximity_Alarm_bd_UART_MAXSONAR_0_0 (xilinx.com:user:UART_MAXSONAR:1.0) from (Rev. 8) to (Rev. 9)






Copyright 1986-2022 Xilinx, Inc. All Rights Reserved. Copyright 2022-2023 Advanced Micro Devices, Inc. All Rights Reserved.
---------------------------------------------------------------------------------------------------------------------------------------------
| Tool Version : Vivado v.2023.1 (win64) Build 3865809 Sun May  7 15:05:29 MDT 2023
| Date         : Sun May  3 18:10:34 2026
| Host         : Daddy_RodrigoLT running 64-bit major release  (build 9200)
| Command      : upgrade_ip
| Device       : xc7z010clg400-1
---------------------------------------------------------------------------------------------------------------------------------------------

Upgrade Log for IP 'Proximity_Alarm_bd_piezo_buzzer_0_0'

1. Summary
----------

CAUTION (success, with warnings) in the update of Proximity_Alarm_bd_piezo_buzzer_0_0 (xilinx.com:module_ref:piezo_buzzer:1.0 (Rev. 1)) to current project options.

After upgrade, an IP may have parameter and port differences compared to the original customization. Please review the parameters within the IP customization GUI to ensure proper functionality. Also, please review the updated IP instantiation template to ensure proper connectivity, and update your design if required.

2. Connection Warnings
----------------------

Detected external port differences while upgrading 'Proximity_Alarm_bd_piezo_buzzer_0_0'. These changes may impact your design.


-Upgrade has added port 'read_en'







Copyright 1986-2022 Xilinx, Inc. All Rights Reserved. Copyright 2022-2023 Advanced Micro Devices, Inc. All Rights Reserved.
---------------------------------------------------------------------------------------------------------------------------------------------
| Tool Version : Vivado v.2023.1 (win64) Build 3865809 Sun May  7 15:05:29 MDT 2023
| Date         : Sun May  3 18:10:34 2026
| Host         : Daddy_RodrigoLT running 64-bit major release  (build 9200)
| Command      : upgrade_ip
| Device       : xc7z010clg400-1
---------------------------------------------------------------------------------------------------------------------------------------------

Upgrade Log for IP 'Proximity_Alarm_bd_UART_MAXSONAR_0_0'

1. Summary
----------

CAUTION (success, with warnings) in the upgrade of Proximity_Alarm_bd_UART_MAXSONAR_0_0 (xilinx.com:user:UART_MAXSONAR:1.0) from (Rev. 7) to (Rev. 8)

After upgrade, an IP may have parameter and port differences compared to the original customization. Please review the parameters within the IP customization GUI to ensure proper functionality. Also, please review the updated IP instantiation template to ensure proper connectivity, and update your design if required.

2. Connection Warnings
----------------------

Detected external port differences while upgrading 'Proximity_Alarm_bd_UART_MAXSONAR_0_0'. These changes may impact your design.


-Upgrade has added port 'read_en'







Copyright 1986-2022 Xilinx, Inc. All Rights Reserved. Copyright 2022-2023 Advanced Micro Devices, Inc. All Rights Reserved.
---------------------------------------------------------------------------------------------------------------------------------------------
| Tool Version : Vivado v.2023.1 (win64) Build 3865809 Sun May  7 15:05:29 MDT 2023
| Date         : Sun May  3 17:05:15 2026
| Host         : Daddy_RodrigoLT running 64-bit major release  (build 9200)
| Command      : upgrade_ip
| Device       : xc7z010clg400-1
---------------------------------------------------------------------------------------------------------------------------------------------

Upgrade Log for IP 'Proximity_Alarm_bd_UART_MAXSONAR_0_0'

1. Summary
----------

SUCCESS in the upgrade of Proximity_Alarm_bd_UART_MAXSONAR_0_0 (xilinx.com:user:UART_MAXSONAR:1.0) from (Rev. 6) to (Rev. 7)






Copyright 1986-2022 Xilinx, Inc. All Rights Reserved. Copyright 2022-2023 Advanced Micro Devices, Inc. All Rights Reserved.
---------------------------------------------------------------------------------------------------------------------------------------------
| Tool Version : Vivado v.2023.1 (win64) Build 3865809 Sun May  7 15:05:29 MDT 2023
| Date         : Sun May  3 16:25:37 2026
| Host         : Daddy_RodrigoLT running 64-bit major release  (build 9200)
| Command      : upgrade_ip
| Device       : xc7z010clg400-1
---------------------------------------------------------------------------------------------------------------------------------------------

Upgrade Log for IP 'Proximity_Alarm_bd_UART_MAXSONAR_0_0'

1. Summary
----------

SUCCESS in the update of Proximity_Alarm_bd_UART_MAXSONAR_0_0 (xilinx.com:user:UART_MAXSONAR:1.0 (Rev. 6)) to current project options.






Copyright 1986-2022 Xilinx, Inc. All Rights Reserved. Copyright 2022-2023 Advanced Micro Devices, Inc. All Rights Reserved.
---------------------------------------------------------------------------------------------------------------------------------------------
| Tool Version : Vivado v.2023.1 (win64) Build 3865809 Sun May  7 15:05:29 MDT 2023
| Date         : Sun May  3 16:24:57 2026
| Host         : Daddy_RodrigoLT running 64-bit major release  (build 9200)
| Command      : upgrade_ip
| Device       : xc7z010clg400-1
---------------------------------------------------------------------------------------------------------------------------------------------

Upgrade Log for IP 'Proximity_Alarm_bd_UART_MAXSONAR_0_0'

1. Summary
----------

SUCCESS in the upgrade of Proximity_Alarm_bd_UART_MAXSONAR_0_0 (xilinx.com:user:UART_MAXSONAR:1.0) from (Rev. 5) to (Rev. 6)






Copyright 1986-2022 Xilinx, Inc. All Rights Reserved. Copyright 2022-2023 Advanced Micro Devices, Inc. All Rights Reserved.
---------------------------------------------------------------------------------------------------------------------------------------------
| Tool Version : Vivado v.2023.1 (win64) Build 3865809 Sun May  7 15:05:29 MDT 2023
| Date         : Sun May  3 15:42:00 2026
| Host         : Daddy_RodrigoLT running 64-bit major release  (build 9200)
| Command      : upgrade_ip
| Device       : xc7z010clg400-1
---------------------------------------------------------------------------------------------------------------------------------------------

Upgrade Log for IP 'Proximity_Alarm_bd_UART_MAXSONAR_0_0'

1. Summary
----------

SUCCESS in the upgrade of Proximity_Alarm_bd_UART_MAXSONAR_0_0 (xilinx.com:user:UART_MAXSONAR:1.0) from (Rev. 4) to (Rev. 5)






Copyright 1986-2022 Xilinx, Inc. All Rights Reserved. Copyright 2022-2023 Advanced Micro Devices, Inc. All Rights Reserved.
---------------------------------------------------------------------------------------------------------------------------------------------
| Tool Version : Vivado v.2023.1 (win64) Build 3865809 Sun May  7 15:05:29 MDT 2023
| Date         : Sun May  3 15:09:06 2026
| Host         : Daddy_RodrigoLT running 64-bit major release  (build 9200)
| Command      : upgrade_ip
| Device       : xc7z010clg400-1
---------------------------------------------------------------------------------------------------------------------------------------------

Upgrade Log for IP 'Proximity_Alarm_bd_UART_MAXSONAR_0_0'

1. Summary
----------

SUCCESS in the upgrade of Proximity_Alarm_bd_UART_MAXSONAR_0_0 (xilinx.com:user:UART_MAXSONAR:1.0) from (Rev. 3) to (Rev. 4)






Copyright 1986-2022 Xilinx, Inc. All Rights Reserved. Copyright 2022-2023 Advanced Micro Devices, Inc. All Rights Reserved.
---------------------------------------------------------------------------------------------------------------------------------------------
| Tool Version : Vivado v.2023.1 (win64) Build 3865809 Sun May  7 15:05:29 MDT 2023
| Date         : Sun May  3 11:38:41 2026
| Host         : Daddy_RodrigoLT running 64-bit major release  (build 9200)
| Command      : upgrade_ip
| Device       : xc7z010clg400-1
---------------------------------------------------------------------------------------------------------------------------------------------

Upgrade Log for IP 'Proximity_Alarm_bd_UART_MAXSONAR_0_0'

1. Summary
----------

CAUTION (success, with warnings) in the upgrade of Proximity_Alarm_bd_UART_MAXSONAR_0_0 (xilinx.com:user:UART_MAXSONAR:1.0) from (Rev. 2) to (Rev. 3)

After upgrade, an IP may have parameter and port differences compared to the original customization. Please review the parameters within the IP customization GUI to ensure proper functionality. Also, please review the updated IP instantiation template to ensure proper connectivity, and update your design if required.

2. Connection Warnings
----------------------

Detected external port differences while upgrading 'Proximity_Alarm_bd_UART_MAXSONAR_0_0'. These changes may impact your design.


-Upgrade has added port 'distance'


